<!DOCTYPE html>
<html lang="en">
<head>
	<meta charset="UTF-8">
	<title>Document</title>
	<link rel="stylesheet" href="css/about_us.css">
	<link rel="stylesheet" href="css/reset.css">
</head>
<body>
</html>
<div class="container">
			<h3 class="about_title">About Us</h3>
			<p class="sub-title">Proin iaculis purus consequat sem cure.</p>
		<ul class="about">
			<li class="about_item">
				<div class="about_text">
					<h3>July 2010</h3>
					<h4>Our Humble Beginnings</h4>
					<p>
						Proin iaculis purus consequat sem cure digni ssim. Donec porttitora entum suscipit aenean rhoncus posuere odio in tincidunt. Proin iaculis purus consequat sem cure digni ssim. Donec porttitora entum suscipit.
					</p>
				</div>
				<figure class="about_img">
					<img src="../dream-team-23/image/krug1.jpg" alt=""></figure>
			</li>
			<li class="about_item">
				<div class="about_text">
					<h3>January 2011</h3>
					<h4>Facing Startup Battles</h4>
					<p>
						Proin iaculis purus consequat sem cure digni ssim. Donec porttitora entum suscipit aenean rhoncus posuere odio in tincidunt. Proin iaculis purus consequat sem cure digni ssim. Donec porttitora entum suscipit aenean rhoncus posuere odio in tincidunt.
					</p>
				</div>
				<figure class="about_img">
					<img src="../dream-team-23/image/krug2.jpg" alt=""></figure>
			</li>
			<li class="about_item">
				<div class="about_text">
					<h3>December 2012</h3>
					<h4>Enter The Dark Days</h4>
					<p>
						Proin iaculis purus consequat sem cure digni ssim. Donec porttitora entum suscipit aenean rhoncus posuere odio in tincidunt. Proin iaculis purus consequat sem cure digni.
					</p>
				</div>
				<figure class="about_img">
					<img src="../dream-team-23/image/krug3.jpg" alt=""></figure>
			</li>
			<li class="about_item">
				<div class="about_text">
					<h3>february 2014</h3>
					<h4>Our Triumph</h4>
					<p>
						Proin iaculis purus consequat sem cure digni ssim. Donec porttitora entum suscipit aenean rhoncus posuere odio in tincidunt. Proin iaculis purus consequat sem cure digni ssim. Donec porttitora entum suscipit aenean.
					</p>
				</div>
				<figure class="about_img">
					<img src="../dream-team-23/image/krug4.jpg" alt=""></figure>
			</li>
			<button class="about_button">
				<h4 class="text_for_btn">Our Story Continues ...</h4>
			</button>
		</ul>
	</div>
</body>