<!DOCTYPE html>
<html lang="en">
<head>
	<meta charset="UTF-8">
	<title>Footer</title>
	<link rel="stylesheet" href="css/footer.css">
	<link rel="stylesheet" href="css/reset.css">
</head>
<body>
	<div class="footer_head">
		<ul class="media">
			<li class="media_img">
				<img src="../dream-team-23/image/logo1.jpg" alt="">
			</li>
			<li class="media_img">
				<img src="../dream-team-23/image/logo2.jpg" alt="">
			</li>
			<li class="media_img">
				<img src="../dream-team-23/image/logo3.jpg" alt="">
			</li>
			<li class="media_img">
				<img src="../dream-team-23/image/logo4.jpg" alt="">
			</li>
		</ul>
	</div>
	<div class="footer_content">
		<h3 class="title_footer">Contact us</h3>
		<h4 class="sub-title">Proin iaculis purus consequat sem cure.</h4>
			<div class="form_content clearfix">
				<form class="form_input">
					<input type="text" name="name" placeholder="your name*" class="form1"/>
					<input type="text" name="name" placeholder="your e-mail*" class="form1"/>
					<input type="text" name="name" placeholder="subject" class="form1"/>
				</form>
				<form class="footer_textarea">
					<textarea name="name" placeholder="Your message*" cols="30" rows="10" class="form2"></textarea>
				</form>
				<button class="tell_me">
						<p>Tell Me More</p>
				</button>
			</div>
	</div>
</body>
</html>