<!DOCTYPE html>
<html lang="en">
<head>
	<meta charset="UTF-8">
	<link rel="stylesheet" href="css/portfolio.css">
	<title>Our Portfolio</title>
</head>
<body>
	<h2 class="title-portfolio">Our portfolio</h2>
	<p class="sub-title">Proin iaculis purus consequat sem cure.</p>
	<ul class="prtflio">
		<li class="prtflio_item">
			<img src="../dream-team-23/image/brand.png" alt="" class="prtflio_pic">
			<h3 class="prtflio-title">Ebony & Ivory</h3>
			<p class="prtflio_sub-title">Branding</p>
		</li>
		<li class="prtflio_item">
			<img src="../dream-team-23/image/smart.png" alt="" class="prtflio_pic">
			<h3 class="prtflio-title">Smart Stationary</h3>
			<p class="prtflio_sub-title">Print Design</p>
		</li>
		<li class="prtflio_item">
			<img src="../dream-team-23/image/poster.png" alt="" class="prtflio_pic">
			<h3 class="prtflio-title">Clever Poster</h3>
			<p class="prtflio_sub-title">Print Design</p>
		</li>
		<li class="prtflio_item">
			<img src="../dream-team-23/image/music.png" alt="" class="prtflio_pic">
			<h3 class="prtflio-title">Vinyl Record</h3>
			<p class="prtflio_sub-title">Product Mock-Up</p>
		</li>
		<li class="prtflio_item">
			<img src="../dream-team-23/image/design.png" alt="" class="prtflio_pic">
			<h3 class="prtflio-title">Treehouse Template</h3>
			<p class="prtflio_sub-title">Web Design</p>
		</li>
		<li class="prtflio_item">
			<img src="../dream-team-23/image/logo.png" alt="" class="prtflio_pic">
			<h3 class="prtflio-title">Burned Logo</h3>
			<p class="prtflio_sub-title">Branding</p>
		</li>
	</ul>
	
</body>
</html>