<!DOCTYPE html>
<html lang="en">
<head>
	<meta charset="UTF-8">
	<title>Leding</title>
	<link rel="stylesheet" href="css/reset.css">
	<link rel="stylesheet" href="css/services.css">
	<link href='https://fonts.googleapis.com/css?family=Montserrat' rel='stylesheet' type='text/css'>
	<link href='https://fonts.googleapis.com/css?family=Droid+Serif' rel='stylesheet' type='text/css'></head>
<body>
	<div class="services">
		<h2 class="title-services">Services</h2>
		<p class="sub-title">Proin iaculis purus consequat sem cure.</p>
		<div class="cont">
			<div class="commerce">
				<li class="background">
					<p class=""><img src="../dream-team-23/pic/icon-basket.png" alt="" class="pic_services-basket"></p></li>
				<h3 class="title-cws">E-Commerce</h3>
				<p class="description">
					Proin iaculis purus consequat sem cure digni ssim. Donec porttitora entum suscipit aenean rhoncus posuere odio in 	tincidunt.
				</p>
			</div>
			<div class="web">
				<li class="background">
					<p class=""><img src="../dream-team-23/pic/laptop.png" alt="" class="pic_services-laptop"></p></li>
				<h3 class="title-cws">Responsive Web</h3>
				<p class="description">
					Proin iaculis purus consequat sem cure digni ssim. Donec porttitora entum suscipit aenean rhoncus posuere odio in 	tincidunt.
				</p>
			</div>
			<div class="security">
				<li class="background">
					<p class=""><img src="../dream-team-23/pic/lock.png" alt="" class="pic_services-lock"></p></li>
				<h3 class="title-cws">Web Security</h3>
				<p class="description">
					Proin iaculis purus consequat sem cure digni ssim. Donec porttitora entum suscipit aenean rhoncus posuere odio in 	tincidunt.
				</p>
			</div>
		</div>
	</div>
</body>
</html>